// Jest Snapshot v1, https://goo.gl/fbAQLP

exports[`<Register /> renders the register component successfully 1`] = `
<ContextConsumer>
  <Component />
</ContextConsumer>
`;
